[themazine.com/html/Lebari_new/lebari/lebari/index.html]
[backblue.gif]
[fade.gif]
[index.html]
[themazine.com/html/Lebari_new/lebari/lebari/images/favicon.png]
[themazine.com/html/Lebari_new/lebari/lebari/images/logo.png]
[themazine.com/html/Lebari_new/lebari/lebari/course.html]
[themazine.com/html/Lebari_new/lebari/lebari/course-2.html]
[themazine.com/html/Lebari_new/lebari/lebari/course-3.html]
[themazine.com/html/Lebari_new/lebari/lebari/course-4.html]
[themazine.com/html/Lebari_new/lebari/lebari/images/resource/mega-menu-icon.png]
[themazine.com/html/Lebari_new/lebari/lebari/index-2.html]
[themazine.com/html/Lebari_new/lebari/lebari/index-3.html]
[themazine.com/html/Lebari_new/lebari/lebari/index-4.html]
[themazine.com/html/Lebari_new/lebari/lebari/index-5.html]
[themazine.com/html/Lebari_new/lebari/lebari/about.html]
[themazine.com/html/Lebari_new/lebari/lebari/faq.html]
[themazine.com/html/Lebari_new/lebari/lebari/teacher.html]
[themazine.com/html/Lebari_new/lebari/lebari/profile.html]
[themazine.com/html/Lebari_new/lebari/lebari/membership.html]
[themazine.com/html/Lebari_new/lebari/lebari/event.html]
[themazine.com/html/Lebari_new/lebari/lebari/event-detail.html]
[themazine.com/html/Lebari_new/lebari/lebari/course-detail.html]
[themazine.com/html/Lebari_new/lebari/lebari/blog.html]
[themazine.com/html/Lebari_new/lebari/lebari/blog-list.html]
[themazine.com/html/Lebari_new/lebari/lebari/blog-detail.html]
[themazine.com/html/Lebari_new/lebari/lebari/not-found.html]
[themazine.com/html/Lebari_new/lebari/lebari/images/main-slider/pattern-4.png]
[themazine.com/html/Lebari_new/lebari/lebari/images/main-slider/pattern-5.png]
[themazine.com/html/Lebari_new/lebari/lebari/images/main-slider/icon-2.png]
[themazine.com/html/Lebari_new/lebari/lebari/images/main-slider/pattern-1.png]
[themazine.com/html/Lebari_new/lebari/lebari/images/main-slider/pattern-2.png]
[themazine.com/html/Lebari_new/lebari/lebari/images/main-slider/icon-1.png]
[themazine.com/html/Lebari_new/lebari/lebari/images/main-slider/pattern-3.png]
[themazine.com/html/Lebari_new/lebari/lebari/images/main-slider/image-1.png]
[themazine.com/html/Lebari_new/lebari/lebari/images/main-slider/image-4.png]
[themazine.com/html/Lebari_new/lebari/lebari/images/main-slider/pattern-6.png]
[themazine.com/html/Lebari_new/lebari/lebari/images/background/1.png]
[themazine.com/html/Lebari_new/lebari/lebari/images/background/pattern-1.png]
[themazine.com/html/Lebari_new/lebari/lebari/images/background/pattern-2.png]
[themazine.com/html/Lebari_new/lebari/lebari/images/resource/instructor.png]
[themazine.com/html/Lebari_new/lebari/lebari/images/background/pattern-5.png]
[themazine.com/html/Lebari_new/lebari/lebari/images/background/pattern-6.png]
[themazine.com/html/Lebari_new/lebari/lebari/images/background/pattern-3.png]
[themazine.com/html/Lebari_new/lebari/lebari/images/background/pattern-4.png]
[themazine.com/html/Lebari_new/lebari/lebari/images/resource/benefit-1.jpg]
[themazine.com/html/Lebari_new/lebari/lebari/images/resource/benefit-3.jpg]
[themazine.com/html/Lebari_new/lebari/lebari/images/resource/benefit-2.jpg]
[themazine.com/html/Lebari_new/lebari/lebari/images/background/pattern-7.png]
[themazine.com/html/Lebari_new/lebari/lebari/images/resource/feature.jpg]
[themazine.com/html/Lebari_new/lebari/lebari/images/resource/feature-icon.png]
[themazine.com/html/Lebari_new/lebari/lebari/images/resource/course-1.jpg]
[themazine.com/html/Lebari_new/lebari/lebari/images/resource/course-2.jpg]
[themazine.com/html/Lebari_new/lebari/lebari/images/resource/course-3.jpg]
[themazine.com/html/Lebari_new/lebari/lebari/images/resource/career.png]
[themazine.com/html/Lebari_new/lebari/lebari/images/background/pattern-8.png]
[themazine.com/html/Lebari_new/lebari/lebari/images/resource/skill.png]
[themazine.com/html/Lebari_new/lebari/lebari/images/background/pattern-10.png]
[themazine.com/html/Lebari_new/lebari/lebari/images/background/pattern-9.png]
[themazine.com/html/Lebari_new/lebari/lebari/images/resource/author-1.jpg]
[themazine.com/html/Lebari_new/lebari/lebari/images/background/pattern-11.png]
[themazine.com/html/Lebari_new/lebari/lebari/images/icons/icon-1.png]
[themazine.com/html/Lebari_new/lebari/lebari/images/icons/icon-2.png]
[themazine.com/html/Lebari_new/lebari/lebari/images/resource/news-1.jpg]
[themazine.com/html/Lebari_new/lebari/lebari/images/resource/news-2.jpg]
[themazine.com/html/Lebari_new/lebari/lebari/images/clients/1.png]
[themazine.com/html/Lebari_new/lebari/lebari/images/clients/2.png]
[themazine.com/html/Lebari_new/lebari/lebari/images/clients/3.png]
[themazine.com/html/Lebari_new/lebari/lebari/images/clients/4.png]
[themazine.com/html/Lebari_new/lebari/lebari/images/clients/5.png]
[themazine.com/html/Lebari_new/lebari/lebari/images/background/pattern-12.png]
[themazine.com/html/Lebari_new/lebari/lebari/images/background/pattern-13.png]
[themazine.com/html/Lebari_new/lebari/lebari/images/background/pattern-14.png]
[themazine.com/html/Lebari_new/lebari/lebari/js/jquery.js]
[themazine.com/html/Lebari_new/lebari/lebari/js/popper.min.js]
[themazine.com/html/Lebari_new/lebari/lebari/js/bootstrap.min.js]
[themazine.com/html/Lebari_new/lebari/lebari/js/jquery.mCustomScrollbar.concat.min.js]
[themazine.com/html/Lebari_new/lebari/lebari/js/jquery.fancybox.js]
[themazine.com/html/Lebari_new/lebari/lebari/js/appear.js]
[themazine.com/html/Lebari_new/lebari/lebari/js/parallax.min.js]
[themazine.com/html/Lebari_new/lebari/lebari/js/tilt.jquery.min.js]
[themazine.com/html/Lebari_new/lebari/lebari/js/jquery.paroller.min.js]
[themazine.com/html/Lebari_new/lebari/lebari/js/owl.js]
[themazine.com/html/Lebari_new/lebari/lebari/js/wow.js]
[themazine.com/html/Lebari_new/lebari/lebari/js/nav-tool.js]
[themazine.com/html/Lebari_new/lebari/lebari/js/jquery-ui.js]
[themazine.com/html/Lebari_new/lebari/lebari/js/script.js]
[themazine.com/html/Lebari_new/lebari/lebari/index.html]
[themazine.com/html/Lebari_new/lebari/lebari/css/bootstrap.css]
[themazine.com/html/Lebari_new/lebari/lebari/fonts/Muli.eot]
[themazine.com/html/Lebari_new/lebari/lebari/fonts/Mulid41d.eot]
[themazine.com/html/Lebari_new/lebari/lebari/fonts/Muli.woff]
[themazine.com/html/Lebari_new/lebari/lebari/fonts/Muli.ttf]
[themazine.com/html/Lebari_new/lebari/lebari/fonts/Muli-SemiBold.eot]
[themazine.com/html/Lebari_new/lebari/lebari/fonts/Muli-SemiBoldd41d.eot]
[themazine.com/html/Lebari_new/lebari/lebari/fonts/Muli-SemiBold.woff]
[themazine.com/html/Lebari_new/lebari/lebari/fonts/Muli-SemiBold.ttf]
[themazine.com/html/Lebari_new/lebari/lebari/fonts/Roman-Morrissey.eot]
[themazine.com/html/Lebari_new/lebari/lebari/fonts/Roman-Morrisseyd41d.eot]
[themazine.com/html/Lebari_new/lebari/lebari/fonts/Roman-Morrissey.woff2]
[themazine.com/html/Lebari_new/lebari/lebari/fonts/Roman-Morrissey.woff]
[themazine.com/html/Lebari_new/lebari/lebari/fonts/Roman-Morrissey.ttf]
[themazine.com/html/Lebari_new/lebari/lebari/images/icons/button-icon-one.png]
[themazine.com/html/Lebari_new/lebari/lebari/images/icons/button-icon-two.png]
[themazine.com/html/Lebari_new/lebari/lebari/images/icons/button-icon-three.png]
[themazine.com/html/Lebari_new/lebari/lebari/images/icons/menu-bg.png]
[themazine.com/html/Lebari_new/lebari/lebari/images/icons/check.png]
[themazine.com/html/Lebari_new/lebari/lebari/images/icons/check-1.png]
[themazine.com/html/Lebari_new/lebari/lebari/images2/icons/btn-icon.png]
[themazine.com/html/Lebari_new/lebari/lebari/images2/icons/pattern-16.png]
[themazine.com/html/Lebari_new/lebari/lebari/images2/main-slider/line.png]
[themazine.com/html/Lebari_new/lebari/lebari/css/style.css]
[themazine.com/html/Lebari_new/lebari/lebari/css/responsive.css]
[themazine.com/html/Lebari_new/lebari/lebari/images/logo-2.png]
[themazine.com/html/Lebari_new/lebari/lebari/images/resource/post-thumb-1.jpg]
[themazine.com/html/Lebari_new/lebari/lebari/images/resource/post-thumb-2.jpg]
[themazine.com/html/Lebari_new/lebari/lebari/images/background/pattern-21.png]
[themazine.com/html/Lebari_new/lebari/lebari/images/icons/icon-5.png]
[themazine.com/html/Lebari_new/lebari/lebari/images/icons/icon-3.png]
[themazine.com/html/Lebari_new/lebari/lebari/images/icons/icon-4.png]
[themazine.com/html/Lebari_new/lebari/lebari/images/resource/page-title-3.jpg]
[themazine.com/html/Lebari_new/lebari/lebari/images/resource/page-title-4.jpg]
[themazine.com/html/Lebari_new/lebari/lebari/images/background/pattern-22.png]
[themazine.com/html/Lebari_new/lebari/lebari/images/background/pattern-19.png]
[themazine.com/html/Lebari_new/lebari/lebari/images/background/pattern-23.png]
[themazine.com/html/Lebari_new/lebari/lebari/images/resource/course-8.jpg]
[themazine.com/html/Lebari_new/lebari/lebari/images/resource/course-9.jpg]
[themazine.com/html/Lebari_new/lebari/lebari/images/resource/course-10.jpg]
[themazine.com/html/Lebari_new/lebari/lebari/images/resource/course-11.jpg]
[themazine.com/html/Lebari_new/lebari/lebari/images/resource/course-12.jpg]
[themazine.com/html/Lebari_new/lebari/lebari/images/resource/course-13.jpg]
[themazine.com/html/Lebari_new/lebari/lebari/course.html]
[themazine.com/html/Lebari_new/lebari/lebari/images/resource/course-4.jpg]
[themazine.com/html/Lebari_new/lebari/lebari/images/resource/course-5.jpg]
[themazine.com/html/Lebari_new/lebari/lebari/images/resource/course-6.jpg]
[themazine.com/html/Lebari_new/lebari/lebari/images/resource/course-7.jpg]
[themazine.com/html/Lebari_new/lebari/lebari/images/resource/course-14.jpg]
[themazine.com/html/Lebari_new/lebari/lebari/images/resource/course-15.jpg]
[themazine.com/html/Lebari_new/lebari/lebari/images/resource/course-16.jpg]
[themazine.com/html/Lebari_new/lebari/lebari/images/resource/course-17.jpg]
[themazine.com/html/Lebari_new/lebari/lebari/images/resource/course-18.jpg]
[themazine.com/html/Lebari_new/lebari/lebari/images/resource/course-19.jpg]
[themazine.com/html/Lebari_new/lebari/lebari/images/resource/course-20.jpg]
[themazine.com/html/Lebari_new/lebari/lebari/images/resource/course-21.jpg]
[themazine.com/html/Lebari_new/lebari/lebari/course-2.html]
[themazine.com/html/Lebari_new/lebari/lebari/images/resource/page-title-5.jpg]
[themazine.com/html/Lebari_new/lebari/lebari/images/resource/page-title-6.jpg]
[themazine.com/html/Lebari_new/lebari/lebari/course-3.html]
[themazine.com/html/Lebari_new/lebari/lebari/images/resource/course-22.jpg]
[themazine.com/html/Lebari_new/lebari/lebari/images/resource/course-23.jpg]
[themazine.com/html/Lebari_new/lebari/lebari/images/resource/course-24.jpg]
[themazine.com/html/Lebari_new/lebari/lebari/images/resource/course-25.jpg]
[themazine.com/html/Lebari_new/lebari/lebari/images/resource/course-26.jpg]
[themazine.com/html/Lebari_new/lebari/lebari/images/resource/course-27.jpg]
[themazine.com/html/Lebari_new/lebari/lebari/images/resource/course-28.jpg]
[themazine.com/html/Lebari_new/lebari/lebari/images/resource/course-29.jpg]
[themazine.com/html/Lebari_new/lebari/lebari/images/resource/course-30.jpg]
[themazine.com/html/Lebari_new/lebari/lebari/images/resource/course-31.jpg]
[themazine.com/html/Lebari_new/lebari/lebari/images/resource/course-32.jpg]
[themazine.com/html/Lebari_new/lebari/lebari/images/resource/course-33.jpg]
[themazine.com/html/Lebari_new/lebari/lebari/course-4.html]
[themazine.com/html/Lebari_new/lebari/lebari/images/background/pattern-15.png]
[themazine.com/html/Lebari_new/lebari/lebari/images/main-slider/image-5.png]
[themazine.com/html/Lebari_new/lebari/lebari/images/resource/professional.jpg]
[themazine.com/html/Lebari_new/lebari/lebari/images/background/pattern-16.png]
[themazine.com/html/Lebari_new/lebari/lebari/images/resource/event.png]
[themazine.com/html/Lebari_new/lebari/lebari/images/resource/author-2.jpg]
[themazine.com/html/Lebari_new/lebari/lebari/images/resource/author-3.jpg]
[themazine.com/html/Lebari_new/lebari/lebari/images/background/pattern-18.png]
[themazine.com/html/Lebari_new/lebari/lebari/images/background/pattern-17.png]
[themazine.com/html/Lebari_new/lebari/lebari/images/resource/goal-1.jpg]
[themazine.com/html/Lebari_new/lebari/lebari/images/resource/goal-2.jpg]
[themazine.com/html/Lebari_new/lebari/lebari/images/resource/news-3.jpg]
[themazine.com/html/Lebari_new/lebari/lebari/images/resource/news-4.jpg]
[themazine.com/html/Lebari_new/lebari/lebari/images/resource/news-5.jpg]
[themazine.com/html/Lebari_new/lebari/lebari/images/background/pattern-20.png]
[themazine.com/html/Lebari_new/lebari/lebari/index-2.html]
[themazine.com/html/Lebari_new/lebari/lebari/images2/icons/icon-3.png]
[themazine.com/html/Lebari_new/lebari/lebari/images2/background/pattern-8.png]
[themazine.com/html/Lebari_new/lebari/lebari/images2/background/pattern-9.png]
[themazine.com/html/Lebari_new/lebari/lebari/images2/background/pattern-7.png]
[themazine.com/html/Lebari_new/lebari/lebari/images2/icons/icon-12.png]
[themazine.com/html/Lebari_new/lebari/lebari/images2/resource/banner-2.png]
[themazine.com/html/Lebari_new/lebari/lebari/images2/clients/6.png]
[themazine.com/html/Lebari_new/lebari/lebari/images2/clients/7.png]
[themazine.com/html/Lebari_new/lebari/lebari/images2/clients/8.png]
[themazine.com/html/Lebari_new/lebari/lebari/images2/clients/9.png]
[themazine.com/html/Lebari_new/lebari/lebari/images2/clients/10.png]
[themazine.com/html/Lebari_new/lebari/lebari/images2/background/pattern-10.png]
[themazine.com/html/Lebari_new/lebari/lebari/images2/icons/icon-4.png]
[themazine.com/html/Lebari_new/lebari/lebari/images2/icons/icon-15.png]
[themazine.com/html/Lebari_new/lebari/lebari/images2/icons/pattern-10.png]
[themazine.com/html/Lebari_new/lebari/lebari/images2/resource/video-image-1.jpg]
[themazine.com/html/Lebari_new/lebari/lebari/images2/background/pattern-11.png]
[themazine.com/html/Lebari_new/lebari/lebari/images2/resource/trial.png]
[themazine.com/html/Lebari_new/lebari/lebari/images2/background/case-curve.png]
[themazine.com/html/Lebari_new/lebari/lebari/images2/icons/icon-6.png]
[themazine.com/html/Lebari_new/lebari/lebari/images2/icons/pattern-11.png]
[themazine.com/html/Lebari_new/lebari/lebari/images2/icons/icon-2.png]
[themazine.com/html/Lebari_new/lebari/lebari/images2/resource/case.png]
[themazine.com/html/Lebari_new/lebari/lebari/images2/icons/icon-7.png]
[themazine.com/html/Lebari_new/lebari/lebari/images2/icons/pattern-4.png]
[themazine.com/html/Lebari_new/lebari/lebari/images2/resource/author-1.jpg]
[themazine.com/html/Lebari_new/lebari/lebari/images2/resource/author-2.jpg]
[themazine.com/html/Lebari_new/lebari/lebari/images2/resource/author-3.jpg]
[themazine.com/html/Lebari_new/lebari/lebari/images2/icons/icon-8.png]
[themazine.com/html/Lebari_new/lebari/lebari/images2/background/pattern-12.png]
[themazine.com/html/Lebari_new/lebari/lebari/images2/icons/arrow-1.png]
[themazine.com/html/Lebari_new/lebari/lebari/images2/icons/pattern-12.png]
[themazine.com/html/Lebari_new/lebari/lebari/images2/background/pattern-13.png]
[themazine.com/html/Lebari_new/lebari/lebari/images2/background/pattern-14.png]
[themazine.com/html/Lebari_new/lebari/lebari/images2/resource/newsletter.png]
[themazine.com/html/Lebari_new/lebari/lebari/images2/icons/icon-10.png]
[themazine.com/html/Lebari_new/lebari/lebari/images2/icons/icon-16.png]
[themazine.com/html/Lebari_new/lebari/lebari/images2/logo.png]
[themazine.com/html/Lebari_new/lebari/lebari/images/icons/cards.png]
[themazine.com/html/Lebari_new/lebari/lebari/js/mixitup.js]
[themazine.com/html/Lebari_new/lebari/lebari/js/isotope.js]
[themazine.com/html/Lebari_new/lebari/lebari/index-3.html]
[themazine.com/html/Lebari_new/lebari/lebari/images2/main-slider/pattern-2.png]
[themazine.com/html/Lebari_new/lebari/lebari/images2/main-slider/pattern-3.png]
[themazine.com/html/Lebari_new/lebari/lebari/images2/main-slider/pattern-4.png]
[themazine.com/html/Lebari_new/lebari/lebari/images2/main-slider/pattern-5.png]
[themazine.com/html/Lebari_new/lebari/lebari/images2/main-slider/pattern-6.png]
[themazine.com/html/Lebari_new/lebari/lebari/images2/main-slider/pattern-8.png]
[themazine.com/html/Lebari_new/lebari/lebari/images2/main-slider/pattern-9.png]
[themazine.com/html/Lebari_new/lebari/lebari/images2/main-slider/pattern-7.png]
[themazine.com/html/Lebari_new/lebari/lebari/images2/main-slider/content-image-1.png]
[themazine.com/html/Lebari_new/lebari/lebari/images2/icons/pattern-15.png]
[themazine.com/html/Lebari_new/lebari/lebari/images2/background/pattern-15.png]
[themazine.com/html/Lebari_new/lebari/lebari/images2/resource/about-1.jpg]
[themazine.com/html/Lebari_new/lebari/lebari/images2/resource/about-2.jpg]
[themazine.com/html/Lebari_new/lebari/lebari/images2/resource/about-3.jpg]
[themazine.com/html/Lebari_new/lebari/lebari/images2/icons/feature-1.png]
[themazine.com/html/Lebari_new/lebari/lebari/images2/icons/feature-2.png]
[themazine.com/html/Lebari_new/lebari/lebari/images2/background/pattern-16.png]
[themazine.com/html/Lebari_new/lebari/lebari/images2/background/pattern-17.png]
[themazine.com/html/Lebari_new/lebari/lebari/images2/icons/icon-17.png]
[themazine.com/html/Lebari_new/lebari/lebari/images2/icons/icon-18.png]
[themazine.com/html/Lebari_new/lebari/lebari/images2/icons/icon-19.png]
[themazine.com/html/Lebari_new/lebari/lebari/images2/icons/program-1.png]
[themazine.com/html/Lebari_new/lebari/lebari/images2/resource/program-1.jpg]
[themazine.com/html/Lebari_new/lebari/lebari/images2/icons/program-2.png]
[themazine.com/html/Lebari_new/lebari/lebari/images2/icons/program-3.png]
[themazine.com/html/Lebari_new/lebari/lebari/images2/icons/icon-20.png]
[themazine.com/html/Lebari_new/lebari/lebari/images2/icons/icon-21.png]
[themazine.com/html/Lebari_new/lebari/lebari/images2/icons/icon-22.png]
[themazine.com/html/Lebari_new/lebari/lebari/images2/icons/icon-23.png]
[themazine.com/html/Lebari_new/lebari/lebari/images2/resource/mission.png]
[themazine.com/html/Lebari_new/lebari/lebari/images2/background/pattern-18.png]
[themazine.com/html/Lebari_new/lebari/lebari/images2/icons/icon-24.png]
[themazine.com/html/Lebari_new/lebari/lebari/images2/icons/icon-25.png]
[themazine.com/html/Lebari_new/lebari/lebari/images2/resource/event-1.jpg]
[themazine.com/html/Lebari_new/lebari/lebari/images2/resource/event-2.jpg]
[themazine.com/html/Lebari_new/lebari/lebari/images2/resource/event-3.jpg]
[themazine.com/html/Lebari_new/lebari/lebari/images2/icons/icon-27.png]
[themazine.com/html/Lebari_new/lebari/lebari/images2/icons/icon-26.png]
[themazine.com/html/Lebari_new/lebari/lebari/images2/background/pattern-19.png]
[themazine.com/html/Lebari_new/lebari/lebari/images2/icons/icon-28.png]
[themazine.com/html/Lebari_new/lebari/lebari/images2/background/pattern-20.png]
[themazine.com/html/Lebari_new/lebari/lebari/images2/background/pattern-22.png]
[themazine.com/html/Lebari_new/lebari/lebari/images2/background/pattern-21.png]
[themazine.com/html/Lebari_new/lebari/lebari/images2/resource/author-4.jpg]
[themazine.com/html/Lebari_new/lebari/lebari/images2/resource/author-5.jpg]
[themazine.com/html/Lebari_new/lebari/lebari/images2/resource/author-6.jpg]
[themazine.com/html/Lebari_new/lebari/lebari/images2/background/pattern-23.png]
[themazine.com/html/Lebari_new/lebari/lebari/images2/background/pattern-24.png]
[themazine.com/html/Lebari_new/lebari/lebari/index-4.html]
[themazine.com/html/Lebari_new/lebari/lebari/images2/main-slider/pattern-10.png]
[themazine.com/html/Lebari_new/lebari/lebari/images2/main-slider/image-4.jpg]
[themazine.com/html/Lebari_new/lebari/lebari/images2/main-slider/image-5.jpg]
[themazine.com/html/Lebari_new/lebari/lebari/images2/resource/about-4.jpg]
[themazine.com/html/Lebari_new/lebari/lebari/images2/resource/about-5.jpg]
[themazine.com/html/Lebari_new/lebari/lebari/images2/icons/feature-3.png]
[themazine.com/html/Lebari_new/lebari/lebari/images2/icons/feature-4.png]
[themazine.com/html/Lebari_new/lebari/lebari/images2/background/pattern-25.png]
[themazine.com/html/Lebari_new/lebari/lebari/images2/background/pattern-26.png]
[themazine.com/html/Lebari_new/lebari/lebari/images2/background/pattern-27.png]
[themazine.com/html/Lebari_new/lebari/lebari/images2/background/pattern-28.png]
[themazine.com/html/Lebari_new/lebari/lebari/images2/background/pattern-29.png]
[themazine.com/html/Lebari_new/lebari/lebari/images2/resource/course-1.jpg]
[themazine.com/html/Lebari_new/lebari/lebari/images2/resource/course-2.jpg]
[themazine.com/html/Lebari_new/lebari/lebari/images2/resource/course-3.jpg]
[themazine.com/html/Lebari_new/lebari/lebari/images2/resource/course-4.jpg]
[themazine.com/html/Lebari_new/lebari/lebari/images2/resource/course-5.jpg]
[themazine.com/html/Lebari_new/lebari/lebari/images2/resource/course-6.jpg]
[themazine.com/html/Lebari_new/lebari/lebari/images2/background/pattern-30.png]
[themazine.com/html/Lebari_new/lebari/lebari/images2/background/pattern-31.png]
[themazine.com/html/Lebari_new/lebari/lebari/images2/resource/study.jpg]
[themazine.com/html/Lebari_new/lebari/lebari/images2/resource/campus-1.jpg]
[themazine.com/html/Lebari_new/lebari/lebari/images2/resource/campus-2.jpg]
[themazine.com/html/Lebari_new/lebari/lebari/images2/resource/campus-3.jpg]
[themazine.com/html/Lebari_new/lebari/lebari/images2/resource/campus-4.jpg]
[themazine.com/html/Lebari_new/lebari/lebari/images2/background/pattern-32.png]
[themazine.com/html/Lebari_new/lebari/lebari/images2/background/pattern-33.png]
[themazine.com/html/Lebari_new/lebari/lebari/images2/background/pattern-34.png]
[themazine.com/html/Lebari_new/lebari/lebari/images2/resource/author-7.jpg]
[themazine.com/html/Lebari_new/lebari/lebari/images2/clients/11.png]
[themazine.com/html/Lebari_new/lebari/lebari/images2/background/pattern-35.png]
[themazine.com/html/Lebari_new/lebari/lebari/images2/background/pattern-36.png]
[themazine.com/html/Lebari_new/lebari/lebari/images2/logo-2.png]
[themazine.com/html/Lebari_new/lebari/lebari/index-5.html]
[themazine.com/html/Lebari_new/lebari/lebari/images/resource/page-title-1.jpg]
[themazine.com/html/Lebari_new/lebari/lebari/images/resource/page-title-2.jpg]
[themazine.com/html/Lebari_new/lebari/lebari/images/resource/team-1.jpg]
[themazine.com/html/Lebari_new/lebari/lebari/images/resource/team-2.jpg]
[themazine.com/html/Lebari_new/lebari/lebari/about.html]
[themazine.com/html/Lebari_new/lebari/lebari/images/icons/icon-6.png]
[themazine.com/html/Lebari_new/lebari/lebari/images/icons/icon-7.png]
[themazine.com/html/Lebari_new/lebari/lebari/images/icons/icon-8.png]
[themazine.com/html/Lebari_new/lebari/lebari/faq.html]
[themazine.com/html/Lebari_new/lebari/lebari/images/resource/team-3.jpg]
[themazine.com/html/Lebari_new/lebari/lebari/images/resource/team-4.jpg]
[themazine.com/html/Lebari_new/lebari/lebari/images/resource/team-5.jpg]
[themazine.com/html/Lebari_new/lebari/lebari/images/resource/team-6.jpg]
[themazine.com/html/Lebari_new/lebari/lebari/teacher.html]
[themazine.com/html/Lebari_new/lebari/lebari/images/resource/user.jpg]
[themazine.com/html/Lebari_new/lebari/lebari/profile.html]
[themazine.com/html/Lebari_new/lebari/lebari/images/icons/price-icon-1.png]
[themazine.com/html/Lebari_new/lebari/lebari/images/icons/price-icon-2.png]
[themazine.com/html/Lebari_new/lebari/lebari/images/icons/price-icon-3.png]
[themazine.com/html/Lebari_new/lebari/lebari/images/icons/price-icon-4.png]
[themazine.com/html/Lebari_new/lebari/lebari/membership.html]
[themazine.com/html/Lebari_new/lebari/lebari/images2/icons/icon-29.png]
[themazine.com/html/Lebari_new/lebari/lebari/images2/resource/event-4.jpg]
[themazine.com/html/Lebari_new/lebari/lebari/images2/resource/event-5.jpg]
[themazine.com/html/Lebari_new/lebari/lebari/images2/resource/event-6.jpg]
[themazine.com/html/Lebari_new/lebari/lebari/images2/resource/event-7.jpg]
[themazine.com/html/Lebari_new/lebari/lebari/images2/resource/event-8.jpg]
[themazine.com/html/Lebari_new/lebari/lebari/images2/resource/event-9.jpg]
[themazine.com/html/Lebari_new/lebari/lebari/js/validate.js]
[themazine.com/html/Lebari_new/lebari/lebari/event.html]
[themazine.com/html/Lebari_new/lebari/lebari/images2/resource/event-10.jpg]
[themazine.com/html/Lebari_new/lebari/lebari/event-detail.html]
[themazine.com/html/Lebari_new/lebari/lebari/images/resource/author-4.jpg]
[themazine.com/html/Lebari_new/lebari/lebari/images/resource/author-5.jpg]
[themazine.com/html/Lebari_new/lebari/lebari/images/resource/author-6.jpg]
[themazine.com/html/Lebari_new/lebari/lebari/images/resource/author-7.jpg]
[themazine.com/html/Lebari_new/lebari/lebari/course-detail.html]
[themazine.com/html/Lebari_new/lebari/lebari/images/resource/news-6.jpg]
[themazine.com/html/Lebari_new/lebari/lebari/images/resource/news-7.jpg]
[themazine.com/html/Lebari_new/lebari/lebari/images/resource/news-8.jpg]
[themazine.com/html/Lebari_new/lebari/lebari/images/resource/news-9.jpg]
[themazine.com/html/Lebari_new/lebari/lebari/images/resource/news-10.jpg]
[themazine.com/html/Lebari_new/lebari/lebari/images/resource/news-11.jpg]
[themazine.com/html/Lebari_new/lebari/lebari/images/resource/news-12.jpg]
[themazine.com/html/Lebari_new/lebari/lebari/images/resource/news-13.jpg]
[themazine.com/html/Lebari_new/lebari/lebari/images/resource/news-14.jpg]
[themazine.com/html/Lebari_new/lebari/lebari/blog.html]
[themazine.com/html/Lebari_new/lebari/lebari/images/resource/news-15.jpg]
[themazine.com/html/Lebari_new/lebari/lebari/images/resource/news-16.jpg]
[themazine.com/html/Lebari_new/lebari/lebari/images/resource/news-17.jpg]
[themazine.com/html/Lebari_new/lebari/lebari/images/resource/news-18.jpg]
[themazine.com/html/Lebari_new/lebari/lebari/images/resource/news-19.jpg]
[themazine.com/html/Lebari_new/lebari/lebari/images/resource/news-20.jpg]
[themazine.com/html/Lebari_new/lebari/lebari/images/resource/post-thumb-3.jpg]
[themazine.com/html/Lebari_new/lebari/lebari/images/resource/post-thumb-4.jpg]
[themazine.com/html/Lebari_new/lebari/lebari/images/resource/post-thumb-5.jpg]
[themazine.com/html/Lebari_new/lebari/lebari/blog-list.html]
[themazine.com/html/Lebari_new/lebari/lebari/images/resource/author-8.jpg]
[themazine.com/html/Lebari_new/lebari/lebari/images/icons/quote-icon-1.png]
[themazine.com/html/Lebari_new/lebari/lebari/images/icons/quote-icon-2.png]
[themazine.com/html/Lebari_new/lebari/lebari/images/resource/blockquote.jpg]
[themazine.com/html/Lebari_new/lebari/lebari/images/resource/news-21.jpg]
[themazine.com/html/Lebari_new/lebari/lebari/images/resource/news-22.jpg]
[themazine.com/html/Lebari_new/lebari/lebari/images/resource/news-23.jpg]
[themazine.com/html/Lebari_new/lebari/lebari/images/resource/news-24.jpg]
[themazine.com/html/Lebari_new/lebari/lebari/blog-detail.html]
[themazine.com/html/Lebari_new/lebari/lebari/images/icons/icon-9.png]
[themazine.com/html/Lebari_new/lebari/lebari/images/resource/error-image.png]
[themazine.com/html/Lebari_new/lebari/lebari/not-found.html]
[themazine.com/html/Lebari_new/lebari/lebari/fonts/fontawesome-webfonte0a5.eot]
[themazine.com/html/Lebari_new/lebari/lebari/donation.html]
[themazine.com/html/Lebari_new/lebari/lebari/fonts/fontawesome-webfontd41d.eot]
[themazine.com/html/Lebari_new/lebari/lebari/fonts/fontawesome-webfonte0a5.woff2]
[themazine.com/html/Lebari_new/lebari/lebari/fonts/fontawesome-webfonte0a5.woff]
[themazine.com/html/Lebari_new/lebari/lebari/fonts/fontawesome-webfonte0a5.ttf]
[themazine.com/html/Lebari_new/lebari/lebari/css/font-awesome.css]
[themazine.com/html/Lebari_new/lebari/lebari/fonts/flaticon.eot]
[themazine.com/html/Lebari_new/lebari/lebari/fonts/flaticond41d.eot]
[themazine.com/html/Lebari_new/lebari/lebari/fonts/flaticon.woff]
[themazine.com/html/Lebari_new/lebari/lebari/fonts/flaticon.ttf]
[themazine.com/html/Lebari_new/lebari/lebari/css/flaticon.css]
[themazine.com/html/Lebari_new/lebari/lebari/css/animate.css]
[themazine.com/html/Lebari_new/lebari/lebari/images/cross-out.png]
[themazine.com/html/Lebari_new/lebari/lebari/css/owl.css]
[themazine.com/html/Lebari_new/lebari/lebari/css/animation.css]
[themazine.com/html/Lebari_new/lebari/lebari/css/images/ui-icons_444444_256x240.png]
[themazine.com/html/Lebari_new/lebari/lebari/css/jquery-ui.css]
[themazine.com/html/Lebari_new/lebari/lebari/css/custom-animate.css]
[themazine.com/html/Lebari_new/lebari/lebari/css/jquery.fancybox.min.css]
[themazine.com/html/Lebari_new/lebari/lebari/css/jquery.bootstrap-touchspin.css]
[themazine.com/html/Lebari_new/lebari/lebari/css/jquery.mCustomScrollbar.min.css]
[themazine.com/html/Lebari_new/lebari/lebari/fonts/Muli.svg]
[themazine.com/html/Lebari_new/lebari/lebari/fonts/Muli-SemiBold.svg]
[themazine.com/html/Lebari_new/lebari/lebari/fonts/Roman-Morrissey.svg]
[themazine.com/html/Lebari_new/lebari/lebari/images/icons/preloader.svg]
[themazine.com/html/Lebari_new/lebari/lebari/shop-single.html]
[themazine.com/html/Lebari_new/lebari/lebari/shoping-cart.html]
[themazine.com/html/Lebari_new/lebari/lebari/checkout.html]
[themazine.com/html/Lebari_new/lebari/lebari/courses-single.html]
[themazine.com/html/Lebari_new/lebari/lebari/events-single.html]
[themazine.com/html/Lebari_new/lebari/lebari/news-detail.html]
[themazine.com/html/Lebari_new/lebari/lebari/images/icons/waves-shape.png]
[themazine.com/html/Lebari_new/lebari/lebari/images2/icons/icon-11.png]
[themazine.com/html/Lebari_new/lebari/lebari/donation.html]
[themazine.com/html/Lebari_new/lebari/lebari/fonts/fontawesome-webfonte0a5.svg]
[themazine.com/html/Lebari_new/lebari/lebari/fonts/flaticon.svg]
[themazine.com/html/Lebari_new/lebari/lebari/css/owl.video.play.html]
[themazine.com/html/Lebari_new/lebari/lebari/css/images/ui-icons_777620_256x240.html]
[themazine.com/html/Lebari_new/lebari/lebari/css/images/ui-icons_cc0000_256x240.html]
[themazine.com/html/Lebari_new/lebari/lebari/css/images/ui-icons_777777_256x240.html]
[themazine.com/html/Lebari_new/lebari/lebari/css/mCSB_buttons.html]
[themazine.com/html/Lebari_new/lebari/lebari/contact.html]
[themazine.com/html/Lebari_new/lebari/lebari/images/icons/contact-arrow.html]
[themazine.com/html/Lebari_new/lebari/lebari/images/resource/contact.html]
[themazine.com/html/Lebari_new/lebari/lebari/images/resource/contact-1.html]
